ARM Linker, 4.1 [Build 481] [Standard]

==============================================================================

Section Cross References

    startup_stm32f10x_md.o(RESET) refers to startup_stm32f10x_md.o(STACK) for __initial_sp
    startup_stm32f10x_md.o(RESET) refers to startup_stm32f10x_md.o(.text) for Reset_Handler
    startup_stm32f10x_md.o(RESET) refers to stm32f10x_it.o(.text) for HardFault_Handler
    startup_stm32f10x_md.o(.text) refers to entry.o(.ARM.Collect$$$$00000000) for __main
    stm32f10x_i2c.o(.text) refers to stm32f10x_rcc.o(.text) for RCC_APB1PeriphResetCmd
    stm32f10x_pwr.o(.text) refers to stm32f10x_rcc.o(.text) for RCC_APB1PeriphResetCmd
    stm32f10x_rcc.o(.text) refers to stm32f10x_rcc.o(.data) for APBAHBPrescTable
    stm32f10x_spi.o(.text) refers to stm32f10x_rcc.o(.text) for RCC_APB2PeriphResetCmd
    stm32f10x_tim.o(.text) refers to stm32f10x_rcc.o(.text) for RCC_APB2PeriphResetCmd
    stm32f10x_usart.o(.text) refers to stm32f10x_rcc.o(.text) for RCC_APB2PeriphResetCmd
    stm32f10x_wwdg.o(.text) refers to stm32f10x_rcc.o(.text) for RCC_APB1PeriphResetCmd
    stm32f10x_adc.o(.text) refers to stm32f10x_rcc.o(.text) for RCC_APB2PeriphResetCmd
    stm32f10x_bkp.o(.text) refers to stm32f10x_rcc.o(.text) for RCC_BackupResetCmd
    stm32f10x_can.o(.text) refers to stm32f10x_rcc.o(.text) for RCC_APB1PeriphResetCmd
    stm32f10x_dac.o(.text) refers to stm32f10x_rcc.o(.text) for RCC_APB1PeriphResetCmd
    stm32f10x_gpio.o(.text) refers to stm32f10x_rcc.o(.text) for RCC_APB2PeriphResetCmd
    uip.o(.text) refers to uip.o(.data) for ipid
    uip.o(.text) refers to uip.o(.bss) for uip_buf
    uip.o(.text) refers to memmovea.o(.text) for __aeabi_memcpy
    uip.o(.text) refers to memseta.o(.text) for __aeabi_memclr
    uip.o(.text) refers to main.o(.text) for Uip_Appcall
    uip.o(.text) refers to uip.o(.constdata) for bitmap_bits
    uip.o(.text) refers to resolv.o(.text) for resolv_appcall
    uip_arp.o(.text) refers to memseta.o(.text) for __aeabi_memset
    uip_arp.o(.text) refers to uip_arp.o(.data) for i
    uip_arp.o(.text) refers to uip_arp.o(.bss) for arp_table
    uip_arp.o(.text) refers to uip.o(.data) for uip_len
    uip_arp.o(.text) refers to uip.o(.bss) for uip_buf
    uip_arp.o(.text) refers to uip_arp.o(.constdata) for broadcast_ipaddr
    uip_timer.o(.text) refers to clock-arch.o(.text) for clock_time
    resolv.o(.text) refers to main.o(.text) for resolv_found
    resolv.o(.text) refers to uip.o(.text) for htons
    resolv.o(.text) refers to strcpy.o(.text) for strcpy
    resolv.o(.text) refers to strcmp.o(.text) for strcmp
    resolv.o(.text) refers to resolv.o(.data) for i
    resolv.o(.text) refers to resolv.o(.bss) for names
    resolv.o(.text) refers to uip.o(.data) for uip_appdata
    webclient.o(.text) refers to strlen.o(.text) for strlen
    webclient.o(.text) refers to uiplib.o(.text) for uiplib_ipaddrconv
    webclient.o(.text) refers to resolv.o(.text) for resolv_lookup
    webclient.o(.text) refers to uip.o(.text) for htons
    webclient.o(.text) refers to memmovea.o(.text) for __aeabi_memcpy4
    webclient.o(.text) refers to main.o(.text) for IpU16ToStr
    webclient.o(.text) refers to strncpy.o(.text) for strncpy
    webclient.o(.text) refers to strncmp.o(.text) for strncmp
    webclient.o(.text) refers to webclient.o(.bss) for WebLnkS
    webclient.o(.text) refers to webclient.o(.data) for addr
    webclient.o(.text) refers to uip.o(.data) for uip_appdata
    webclient.o(.text) refers to webclient-strings.o(.constdata) for http_get
    webclient.o(.text) refers to strchr.o(.text) for strchr
    smtp.o(.text) refers to uip.o(.text) for htons
    smtp.o(.text) refers to main.o(.text) for lport2ripStr
    smtp.o(.text) refers to strlen.o(.text) for strlen
    smtp.o(.text) refers to global.o(.text) for itoa
    smtp.o(.text) refers to memmovea.o(.text) for __aeabi_memcpy
    smtp.o(.text) refers to psock.o(.text) for psock_readto
    smtp.o(.text) refers to strncmp.o(.text) for strncmp
    smtp.o(.text) refers to memcmp.o(.text) for memcmp
    smtp.o(.text) refers to uip.o(.data) for uip_conn
    smtp.o(.text) refers to smtp.o(.bss) for SmtpS
    smtp.o(.text) refers to smtp-strings.o(.constdata) for smtp_220
    smtp.o(.text) refers to smtp.o(.data) for localhostname
    smtp.o(.text) refers to smtp-strings.o(.bss) for smtp_user
    psock.o(.text) refers to memmovea.o(.text) for __aeabi_memcpy
    psock.o(.text) refers to uip.o(.text) for uip_send
    psock.o(.text) refers to printfb.o(i.__0printf$bare) for __2printf
    psock.o(.text) refers to uip.o(.data) for uip_flags
    enc28j60.o(.text) refers to spi_enc28j60.o(.text) for SPI1_ReadWrite
    enc28j60.o(.text) refers to delay.o(.text) for delay_ms
    enc28j60.o(.text) refers to enc28j60.o(.data) for Enc28j60Bank
    spi_enc28j60.o(.text) refers to stm32f10x_rcc.o(.text) for RCC_APB2PeriphClockCmd
[...]
    .text                                    0x0800c330   Section        0  clock-arch.o(.text)
    .text                                    0x0800c33c   Section        0  tapdev.o(.text)
    .text                                    0x0800c36c   Section        0  dhcpc.o(.text)
    add_msg_type                             0x0800c36d   Thumb Code    18  dhcpc.o(.text)
    add_server_id                            0x0800c37f   Thumb Code    24  dhcpc.o(.text)
    add_req_ipaddr                           0x0800c397   Thumb Code    24  dhcpc.o(.text)
    add_req_options                          0x0800c3af   Thumb Code    32  dhcpc.o(.text)
    add_end                                  0x0800c3cf   Thumb Code     8  dhcpc.o(.text)
    create_msg                               0x0800c3d7   Thumb Code   114  dhcpc.o(.text)
    send_discover                            0x0800c449   Thumb Code    56  dhcpc.o(.text)
    send_request                             0x0800c481   Thumb Code    64  dhcpc.o(.text)
    parse_options                            0x0800c4c1   Thumb Code   118  dhcpc.o(.text)
    parse_msg                                0x0800c537   Thumb Code    64  dhcpc.o(.text)
    handle_dhcp                              0x0800c577   Thumb Code   396  dhcpc.o(.text)
    .text                                    0x0800c798   Section        0  memmovea.o(.text)
    .text                                    0x0800c7d8   Section        0  memseta.o(.text)
    .text                                    0x0800c7fe   Section        0  strcat.o(.text)
    .text                                    0x0800c81a   Section        0  strstr.o(.text)
    .text                                    0x0800c846   Section        0  strncpy.o(.text)
    .text                                    0x0800c85e   Section        0  strchr.o(.text)
    .text                                    0x0800c870   Section        0  strlen.o(.text)
    .text                                    0x0800c880   Section        0  strcmp.o(.text)
    .text                                    0x0800c89c   Section        0  memcmp.o(.text)
    .text                                    0x0800c8b6   Section        0  strcpy.o(.text)
    .text                                    0x0800c8c8   Section        0  strncmp.o(.text)
    .text                                    0x0800c8e8   Section       36  init.o(.text)
    .text                                    0x0800c90c   Section        0  iusesemip.o(.text)
    .text                                    0x0800c90c   Section        0  __dczerorl2.o(.text)
    i.__0printf$bare                         0x0800c968   Section        0  printfb.o(i.__0printf$bare)
    i.__scatterload_copy                     0x0800c978   Section       14  handlers.o(i.__scatterload_copy)
    i.__scatterload_null                     0x0800c986   Section        2  handlers.o(i.__scatterload_null)
    i.__scatterload_zeroinit                 0x0800c988   Section       14  handlers.o(i.__scatterload_zeroinit)
    i._printf_core                           0x0800c996   Section        0  printfb.o(i._printf_core)
    _printf_core                             0x0800c997   Thumb Code    34  printfb.o(i._printf_core)
    i.fputc                                  0x0800c9b8   Section        0  fputc.o(i.fputc)
    .constdata                               0x0800c9ca   Section       16  uip.o(.constdata)
    all_ones_addr                            0x0800c9ca   Data           4  uip.o(.constdata)
    all_zeroes_addr                          0x0800c9ce   Data           4  uip.o(.constdata)
    bitmap_bits                              0x0800c9d2   Data           8  uip.o(.constdata)
    .constdata                               0x0800c9da   Section       10  uip_arp.o(.constdata)
    broadcast_ethaddr                        0x0800c9da   Data           6  uip_arp.o(.constdata)
    broadcast_ipaddr                         0x0800c9e0   Data           4  uip_arp.o(.constdata)
    .constdata                               0x0800c9e4   Section      451  webclient-strings.o(.constdata)
    .constdata                               0x0800cba7   Section      107  smtp-strings.o(.constdata)
    .constdata                               0x0800cc12   Section        8  dhcpc.o(.constdata)
    xid                                      0x0800cc12   Data           4  dhcpc.o(.constdata)
    magic_cookie                             0x0800cc16   Data           4  dhcpc.o(.constdata)
    .conststring                             0x0800cc1a   Section      237  main.o(.conststring)
    .data                                    0x20000000   Section       20  stm32f10x_rcc.o(.data)
    APBAHBPrescTable                         0x20000000   Data          16  stm32f10x_rcc.o(.data)
    ADCPrescTable                            0x20000010   Data           4  stm32f10x_rcc.o(.data)
    .data                                    0x20000014   Section       66  uip.o(.data)
    ipid                                     0x20000040   Data           2  uip.o(.data)
    iss                                      0x20000042   Data           4  uip.o(.data)
    lastport                                 0x20000046   Data           2  uip.o(.data)
    c                                        0x2000004c   Data           1  uip.o(.data)
    opt                                      0x2000004d   Data           1  uip.o(.data)
    tmp16                                    0x2000004e   Data           2  uip.o(.data)
    uip_reasslen                             0x20000050   Data           2  uip.o(.data)
    uip_reassflags                           0x20000052   Data           1  uip.o(.data)
    uip_reasstmr                             0x20000054   Data           2  uip.o(.data)
    .data                                    0x20000056   Section        8  uip_arp.o(.data)
    ipaddr                                   0x20000056   Data           4  uip_arp.o(.data)
    i                                        0x2000005a   Data           1  uip_arp.o(.data)
    c                                        0x2000005b   Data           1  uip_arp.o(.data)
    arptime                                  0x2000005c   Data           1  uip_arp.o(.data)
    tmpage                                   0x2000005d   Data           1  uip_arp.o(.data)
    .data                                    0x20000060   Section       20  resolv.o(.data)
    resolv_conn                              0x20000060   Data           4  resolv.o(.data)
    i                                        0x20000064   Data           1  resolv.o(.data)
    n                                        0x20000065   Data           1  resolv.o(.data)
    endquery                                 0x20000066   Data           5  resolv.o(.data)
    nquestions                               0x2000006b   Data           1  resolv.o(.data)
    nanswers                                 0x2000006c   Data           1  resolv.o(.data)
    i                                        0x2000006d   Data           1  resolv.o(.data)
    i                                        0x2000006e   Data           1  resolv.o(.data)
    lseq                                     0x2000006f   Data           1  resolv.o(.data)
    lseqi                                    0x20000070   Data           1  resolv.o(.data)
    i                                        0x20000071   Data           1  resolv.o(.data)
    i                                        0x20000072   Data           1  resolv.o(.data)
    seqno                                    0x20000073   Data           1  resolv.o(.data)
    .data                                    0x20000074   Section        6  webclient.o(.data)
    addr                                     0x20000074   Data           4  webclient.o(.data)
    c                                        0x20000078   Data           1  webclient.o(.data)
    i                                        0x20000079   Data           1  webclient.o(.data)
    .data                                    0x2000007c   Section        8  smtp.o(.data)
    localhostname                            0x2000007c   Data           4  smtp.o(.data)
    smtpserver                               0x20000080   Data           4  smtp.o(.data)
    .data                                    0x20000084   Section        8  enc28j60.o(.data)
    Enc28j60Bank                             0x20000084   Data           1  enc28j60.o(.data)
    NextPacketPtr                            0x20000088   Data           4  enc28j60.o(.data)
    .data                                    0x2000008c   Section        4  delay.o(.data)
    fac_us                                   0x2000008c   Data           1  delay.o(.data)
    fac_ms                                   0x2000008e   Data           2  delay.o(.data)
    .data                                    0x20000090   Section       92  global.o(.data)
    .data                                    0x200000ec   Section       14  stm32f10x_it.o(.data)
    s_count                                  0x200000f4   Data           1  stm32f10x_it.o(.data)
    u16SubCounter                            0x200000f6   Data           2  stm32f10x_it.o(.data)
    u16Tim_flg_200ms                         0x200000f8   Data           2  stm32f10x_it.o(.data)
    .data                                    0x200000fa   Section       12  usart.o(.data)
    .data                                    0x20000106   Section        2  eeprom.o(.data)
    .data                                    0x20000108   Section     1580  main.o(.data)
    sm_read_cmd_sn                           0x20000713   Data           1  main.o(.data)
    addlen                                   0x20000714   Data           4  main.o(.data)
    sTempAddr                                0x20000718   Data           6  main.o(.data)
    .data                                    0x20000734   Section        4  stdout.o(.data)
    .bss                                     0x20000738   Section     3341  uip.o(.bss)
    uip_reassbuf                             0x20000e60   Data        1486  uip.o(.bss)
    uip_reassbitmap                          0x2000142e   Data          23  uip.o(.bss)
    .bss                                     0x20001446   Section       96  uip_arp.o(.bss)
    arp_table                                0x20001446   Data          96  uip_arp.o(.bss)
    .bss                                     0x200014a6   Section      168  resolv.o(.bss)
    names                                    0x200014a6   Data         168  resolv.o(.bss)
    .bss                                     0x2000154e   Section      386  webclient.o(.bss)
    WebLnkS                                  0x2000154e   Data         386  webclient.o(.bss)
    .bss                                     0x200016d0   Section      100  smtp-strings.o(.bss)
    .bss                                     0x20001734   Section      104  smtp.o(.bss)
    SmtpS                                    0x20001734   Data         104  smtp.o(.bss)
    .bss                                     0x2000179c   Section     4893  global.o(.bss)
    .bss                                     0x20002abc   Section       16  usart.o(.bss)
    .bss                                     0x20002acc   Section      440  eeprom.o(.bss)
    .bss                                     0x20002c84   Section     8320  main.o(.bss)
    from                                     0x20002dc0   Data          40  main.o(.bss)
    to                                       0x20002de8   Data          40  main.o(.bss)
    cc                                       0x20002e10   Data          40  main.o(.bss)
    ipaddr                                   0x20002e38   Data          20  main.o(.bss)
    .bss                                     0x20004d04   Section       52  dhcpc.o(.bss)
    s                                        0x20004d04   Data          52  dhcpc.o(.bss)
    STACK                                    0x20004d38   Section      512  startup_stm32f10x_md.o(STACK)

    Global Symbols

    Symbol Name                              Value     Ov Type        Size  Object(Section)

    BuildAttributes$$THM_ISAv4$P$D$K$B$S$PE$A:L22UL41UL21$X:L11$S22US41US21$IEEE1$IW$USESV6$~STKCKD$USESV7$~SHL$OSPACE$ROPI$EBA8$MICROLIB$REQ8$PRES8$EABIv2 0x00000000   Number         0  anon$$obj.o ABSOLUTE
    __ARM_use_no_argv                        0x00000000   Number         0  main.o ABSOLUTE
    __Vectors_Size                           0x000000ec   Number         0  startup_stm32f10x_md.o ABSOLUTE
    __Vectors                                0x08000000   Data           4  startup_stm32f10x_md.o(RESET)
    __Vectors_End                            0x080000ec   Data           0  startup_stm32f10x_md.o(RESET)
    __main                                   0x080000ed   Thumb Code     0  entry.o(.ARM.Collect$$$$00000000)
    _main_stk                                0x080000ed   Thumb Code     0  entry2.o(.ARM.Collect$$$$00000001)
    _main_scatterload                        0x080000f1   Thumb Code     0  entry5.o(.ARM.Collect$$$$00000004)
    __main_after_scatterload                 0x080000f5   Thumb Code     0  entry5.o(.ARM.Collect$$$$00000004)
    _main_init                               0x080000f5   Thumb Code     0  entry7.o(.ARM.Collect$$$$00000007)
    Reset_Handler                            0x08000101   Thumb Code     4  startup_stm32f10x_md.o(.text)
    NMI_Handler                              0x08000105   Thumb Code     2  startup_stm32f10x_md.o(.text)
    MemManage_Handler                        0x08000109   Thumb Code     2  startup_stm32f10x_md.o(.text)
    SVC_Handler                              0x0800010f   Thumb Code     2  startup_stm32f10x_md.o(.text)
    DebugMon_Handler                         0x08000111   Thumb Code     2  startup_stm32f10x_md.o(.text)
    PendSV_Handler                           0x08000113   Thumb Code     2  startup_stm32f10x_md.o(.text)
    ADC1_2_IRQHandler                        0x08000117   Thumb Code     0  startup_stm32f10x_md.o(.text)
    CAN1_RX1_IRQHandler                      0x08000117   Thumb Code     0  startup_stm32f10x_md.o(.text)
    CAN1_SCE_IRQHandler                      0x08000117   Thumb Code     0  startup_stm32f10x_md.o(.text)
    DMA1_Channel1_IRQHandler                 0x08000117   Thumb Code     0  startup_stm32f10x_md.o(.text)
    DMA1_Channel2_IRQHandler                 0x08000117   Thumb Code     0  startup_stm32f10x_md.o(.text)
    DMA1_Channel3_IRQHandler                 0x08000117   Thumb Code     0  startup_stm32f10x_md.o(.text)
    DMA1_Channel4_IRQHandler                 0x08000117   Thumb Code     0  startup_stm32f10x_md.o(.text)
    DMA1_Channel5_IRQHandler                 0x08000117   Thumb Code     0  startup_stm32f10x_md.o(.text)
    DMA1_Channel6_IRQHandler                 0x08000117   Thumb Code     0  startup_stm32f10x_md.o(.text)
    DMA1_Channel7_IRQHandler                 0x08000117   Thumb Code     0  startup_stm32f10x_md.o(.text)
    EXTI0_IRQHandler                         0x08000117   Thumb Code     0  startup_stm32f10x_md.o(.text)
    EXTI15_10_IRQHandler                     0x08000117   Thumb Code     0  startup_stm32f10x_md.o(.text)
    EXTI1_IRQHandler                         0x08000117   Thumb Code     0  startup_stm32f10x_md.o(.text)
    EXTI2_IRQHandler                         0x08000117   Thumb Code     0  startup_stm32f10x_md.o(.text)
    EXTI3_IRQHandler                         0x08000117   Thumb Code     0  startup_stm32f10x_md.o(.text)
    EXTI4_IRQHandler                         0x08000117   Thumb Code     0  startup_stm32f10x_md.o(.text)
    EXTI9_5_IRQHandler                       0x08000117   Thumb Code     0  startup_stm32f10x_md.o(.text)
    FLASH_IRQHandler                         0x08000117   Thumb Code     0  startup_stm32f10x_md.o(.text)
    I2C1_ER_IRQHandler                       0x08000117   Thumb Code     0  startup_stm32f10x_md.o(.text)
    I2C1_EV_IRQHandler                       0x08000117   Thumb Code     0  startup_stm32f10x_md.o(.text)
    I2C2_ER_IRQHandler                       0x08000117   Thumb Code     0  startup_stm32f10x_md.o(.text)
    I2C2_EV_IRQHandler                       0x08000117   Thumb Code     0  startup_stm32f10x_md.o(.text)
    PVD_IRQHandler                           0x08000117   Thumb Code     0  startup_stm32f10x_md.o(.text)
    RCC_IRQHandler                           0x08000117   Thumb Code     0  startup_stm32f10x_md.o(.text)
    RTCAlarm_IRQHandler                      0x08000117   Thumb Code     0  startup_stm32f10x_md.o(.text)
    RTC_IRQHandler                           0x08000117   Thumb Code     0  startup_stm32f10x_md.o(.text)
    SPI1_IRQHandler                          0x08000117   Thumb Code     0  startup_stm32f10x_md.o(.text)
    SPI2_IRQHandler                          0x08000117   Thumb Code     0  startup_stm32f10x_md.o(.text)
    TAMPER_IRQHandler                        0x08000117   Thumb Code     0  startup_stm32f10x_md.o(.text)
    TIM1_BRK_IRQHandler                      0x08000117   Thumb Code     0  startup_stm32f10x_md.o(.text)
    TIM1_CC_IRQHandler                       0x08000117   Thumb Code     0  startup_stm32f10x_md.o(.text)
    TIM1_TRG_COM_IRQHandler                  0x08000117   Thumb Code     0  startup_stm32f10x_md.o(.text)
    TIM1_UP_IRQHandler                       0x08000117   Thumb Code     0  startup_stm32f10x_md.o(.text)
    TIM3_IRQHandler                          0x08000117   Thumb Code     0  startup_stm32f10x_md.o(.text)
    TIM4_IRQHandler                          0x08000117   Thumb Code     0  startup_stm32f10x_md.o(.text)
    USART2_IRQHandler                        0x08000117   Thumb Code     0  startup_stm32f10x_md.o(.text)
    USART3_IRQHandler                        0x08000117   Thumb Code     0  startup_stm32f10x_md.o(.text)
    USBWakeUp_IRQHandler                     0x08000117   Thumb Code     0  startup_stm32f10x_md.o(.text)
    USB_HP_CAN1_TX_IRQHandler                0x08000117   Thumb Code     0  startup_stm32f10x_md.o(.text)
    USB_LP_CAN1_RX0_IRQHandler               0x08000117   Thumb Code     0  startup_stm32f10x_md.o(.text)
    WWDG_IRQHandler                          0x08000117   Thumb Code     0  startup_stm32f10x_md.o(.text)
    IWDG_WriteAccessCmd                      0x0800011d   Thumb Code     6  stm32f10x_iwdg.o(.text)
    IWDG_SetPrescaler                        0x08000123   Thumb Code     6  stm32f10x_iwdg.o(.text)
    IWDG_SetReload                           0x08000129   Thumb Code     6  stm32f10x_iwdg.o(.text)
    IWDG_ReloadCounter                       0x0800012f   Thumb Code    10  stm32f10x_iwdg.o(.text)
    IWDG_Enable                              0x08000139   Thumb Code    10  stm32f10x_iwdg.o(.text)
    IWDG_GetFlagStatus                       0x08000143   Thumb Code    20  stm32f10x_iwdg.o(.text)
    RCC_DeInit                               0x0800015d   Thumb Code    62  stm32f10x_rcc.o(.text)
    RCC_HSEConfig                            0x0800019b   Thumb Code    70  stm32f10x_rcc.o(.text)
    RCC_GetFlagStatus                        0x080001e1   Thumb Code    56  stm32f10x_rcc.o(.text)
    RCC_WaitForHSEStartUp                    0x08000219   Thumb Code    46  stm32f10x_rcc.o(.text)
    RCC_AdjustHSICalibrationValue            0x08000247   Thumb Code    20  stm32f10x_rcc.o(.text)
    RCC_HSICmd                               0x0800025b   Thumb Code     6  stm32f10x_rcc.o(.text)
    RCC_PLLConfig                            0x08000261   Thumb Code    24  stm32f10x_rcc.o(.text)
    RCC_PLLCmd                               0x08000279   Thumb Code     6  stm32f10x_rcc.o(.text)
    RCC_SYSCLKConfig                         0x0800027f   Thumb Code    18  stm32f10x_rcc.o(.text)
    RCC_GetSYSCLKSource                      0x08000291   Thumb Code    10  stm32f10x_rcc.o(.text)
    RCC_HCLKConfig                           0x0800029b   Thumb Code    18  stm32f10x_rcc.o(.text)
    RCC_PCLK1Config                          0x080002ad   Thumb Code    18  stm32f10x_rcc.o(.text)
    RCC_PCLK2Config                          0x080002bf   Thumb Code    20  stm32f10x_rcc.o(.text)
    RCC_ITConfig                             0x080002d3   Thumb Code    30  stm32f10x_rcc.o(.text)
    RCC_USBCLKConfig                         0x080002f1   Thumb Code     6  stm32f10x_rcc.o(.text)
    RCC_ADCCLKConfig                         0x080002f7   Thumb Code    18  stm32f10x_rcc.o(.text)
    RCC_LSEConfig                            0x08000309   Thumb Code    44  stm32f10x_rcc.o(.text)
    RCC_LSICmd                               0x08000335   Thumb Code     6  stm32f10x_rcc.o(.text)
    RCC_RTCCLKConfig                         0x0800033b   Thumb Code    12  stm32f10x_rcc.o(.text)
    RCC_RTCCLKCmd                            0x08000347   Thumb Code     6  stm32f10x_rcc.o(.text)
    RCC_GetClocksFreq                        0x0800034d   Thumb Code   192  stm32f10x_rcc.o(.text)
    RCC_AHBPeriphClockCmd                    0x0800040d   Thumb Code    26  stm32f10x_rcc.o(.text)
    RCC_APB2PeriphClockCmd                   0x08000427   Thumb Code    26  stm32f10x_rcc.o(.text)
    RCC_APB1PeriphClockCmd                   0x08000441   Thumb Code    26  stm32f10x_rcc.o(.text)
    RCC_APB2PeriphResetCmd                   0x0800045b   Thumb Code    26  stm32f10x_rcc.o(.text)
    RCC_APB1PeriphResetCmd                   0x08000475   Thumb Code    26  stm32f10x_rcc.o(.text)
    RCC_BackupResetCmd                       0x0800048f   Thumb Code     6  stm32f10x_rcc.o(.text)
    RCC_ClockSecuritySystemCmd               0x08000495   Thumb Code     6  stm32f10x_rcc.o(.text)
    RCC_MCOConfig                            0x0800049b   Thumb Code     6  stm32f10x_rcc.o(.text)
    RCC_ClearFlag                            0x080004a1   Thumb Code    14  stm32f10x_rcc.o(.text)
    RCC_GetITStatus                          0x080004af   Thumb Code    20  stm32f10x_rcc.o(.text)
    RCC_ClearITPendingBit                    0x080004c3   Thumb Code     6  stm32f10x_rcc.o(.text)
    SPI_I2S_DeInit                           0x080004fd   Thumb Code    88  stm32f10x_spi.o(.text)
    SPI_Init                                 0x08000555   Thumb Code    60  stm32f10x_spi.o(.text)
    I2S_Init                                 0x08000591   Thumb Code   206  stm32f10x_spi.o(.text)
    SPI_StructInit                           0x0800065f   Thumb Code    24  stm32f10x_spi.o(.text)
    I2S_StructInit                           0x08000677   Thumb Code    20  stm32f10x_spi.o(.text)
    SPI_Cmd                                  0x0800068b   Thumb Code    24  stm32f10x_spi.o(.text)
    I2S_Cmd                                  0x080006a3   Thumb Code    24  stm32f10x_spi.o(.text)
    SPI_I2S_ITConfig                         0x080006bb   Thumb Code    36  stm32f10x_spi.o(.text)
    SPI_I2S_DMACmd                           0x080006df   Thumb Code    24  stm32f10x_spi.o(.text)
    SPI_I2S_SendData                         0x080006f7   Thumb Code     4  stm32f10x_spi.o(.text)
    SPI_I2S_ReceiveData                      0x080006fb   Thumb Code     6  stm32f10x_spi.o(.text)
    SPI_NSSInternalSoftwareConfig            0x08000701   Thumb Code    30  stm32f10x_spi.o(.text)
    SPI_SSOutputCmd                          0x0800071f   Thumb Code    24  stm32f10x_spi.o(.text)
    SPI_DataSizeConfig                       0x08000737   Thumb Code    18  stm32f10x_spi.o(.text)
    SPI_TransmitCRC                          0x08000749   Thumb Code    10  stm32f10x_spi.o(.text)
    SPI_CalculateCRC                         0x08000753   Thumb Code    24  stm32f10x_spi.o(.text)
    SPI_GetCRC                               0x0800076b   Thumb Code    16  stm32f10x_spi.o(.text)
    SPI_GetCRCPolynomial                     0x0800077b   Thumb Code     6  stm32f10x_spi.o(.text)
    SPI_BiDirectionalLineConfig              0x08000781   Thumb Code    28  stm32f10x_spi.o(.text)
    SPI_I2S_GetFlagStatus                    0x0800079d   Thumb Code    18  stm32f10x_spi.o(.text)
    SPI_I2S_ClearFlag                        0x080007af   Thumb Code     6  stm32f10x_spi.o(.text)
    SPI_I2S_GetITStatus                      0x080007b5   Thumb Code    52  stm32f10x_spi.o(.text)
    SPI_I2S_ClearITPendingBit                0x080007e9   Thumb Code    20  stm32f10x_spi.o(.text)
    TIM_DeInit                               0x08000801   Thumb Code   214  stm32f10x_tim.o(.text)
    TIM_TimeBaseInit                         0x080008d7   Thumb Code    50  stm32f10x_tim.o(.text)
    TIM_OC1Init                              0x08000909   Thumb Code   110  stm32f10x_tim.o(.text)
    TIM_OC2Init                              0x08000977   Thumb Code   140  stm32f10x_tim.o(.text)
    TIM_OC3Init                              0x08000a03   Thumb Code   136  stm32f10x_tim.o(.text)
    TIM_OC4Init                              0x08000a8b   Thumb Code    98  stm32f10x_tim.o(.text)
    TIM_SetIC4Prescaler                      0x08000aed   Thumb Code    22  stm32f10x_tim.o(.text)
    TIM_SetIC3Prescaler                      0x08000b49   Thumb Code    18  stm32f10x_tim.o(.text)
    TIM_SetIC2Prescaler                      0x08000b9b   Thumb Code    22  stm32f10x_tim.o(.text)
    TIM_SetIC1Prescaler                      0x08000c05   Thumb Code    18  stm32f10x_tim.o(.text)
    TIM_ICInit                               0x08000c4d   Thumb Code   110  stm32f10x_tim.o(.text)
    TIM_PWMIConfig                           0x08000cbb   Thumb Code   124  stm32f10x_tim.o(.text)
    TIM_BDTRConfig                           0x08000d37   Thumb Code    32  stm32f10x_tim.o(.text)
    TIM_TimeBaseStructInit                   0x08000d57   Thumb Code    18  stm32f10x_tim.o(.text)
    TIM_OCStructInit                         0x08000d69   Thumb Code    20  stm32f10x_tim.o(.text)
    TIM_ICStructInit                         0x08000d7d   Thumb Code    18  stm32f10x_tim.o(.text)
    TIM_BDTRStructInit                       0x08000d8f   Thumb Code    18  stm32f10x_tim.o(.text)
    TIM_Cmd                                  0x08000da1   Thumb Code    24  stm32f10x_tim.o(.text)
    TIM_CtrlPWMOutputs                       0x08000db9   Thumb Code    30  stm32f10x_tim.o(.text)
    TIM_ITConfig                             0x08000dd7   Thumb Code    24  stm32f10x_tim.o(.text)
    TIM_GenerateEvent                        0x08000def   Thumb Code     4  stm32f10x_tim.o(.text)
    TIM_DMAConfig                            0x08000df3   Thumb Code    10  stm32f10x_tim.o(.text)
    TIM_DMACmd                               0x08000dfd   Thumb Code    24  stm32f10x_tim.o(.text)
    TIM_InternalClockConfig                  0x08000e15   Thumb Code    12  stm32f10x_tim.o(.text)
    TIM_SelectInputTrigger                   0x08000e21   Thumb Code    18  stm32f10x_tim.o(.text)
    TIM_ITRxExternalClockConfig              0x08000e33   Thumb Code    24  stm32f10x_tim.o(.text)
    TIM_TIxExternalClockConfig               0x08000e4b   Thumb Code    62  stm32f10x_tim.o(.text)
    TIM_ETRConfig                            0x08000e89   Thumb Code    26  stm32f10x_tim.o(.text)
    TIM_ETRClockMode1Config                  0x08000ea3   Thumb Code    54  stm32f10x_tim.o(.text)
    TIM_ETRClockMode2Config                  0x08000ed9   Thumb Code    32  stm32f10x_tim.o(.text)
    TIM_PrescalerConfig                      0x08000ef9   Thumb Code     6  stm32f10x_tim.o(.text)
    TIM_CounterModeConfig                    0x08000eff   Thumb Code    18  stm32f10x_tim.o(.text)
    TIM_EncoderInterfaceConfig               0x08000f11   Thumb Code    62  stm32f10x_tim.o(.text)
    TIM_ForcedOC1Config                      0x08000f4f   Thumb Code    18  stm32f10x_tim.o(.text)
    TIM_ForcedOC2Config                      0x08000f61   Thumb Code    22  stm32f10x_tim.o(.text)
    TIM_ForcedOC3Config                      0x08000f77   Thumb Code    18  stm32f10x_tim.o(.text)
    TIM_ForcedOC4Config                      0x08000f89   Thumb Code    22  stm32f10x_tim.o(.text)
    TIM_ARRPreloadConfig                     0x08000f9f   Thumb Code    24  stm32f10x_tim.o(.text)
    TIM_SelectCOM                            0x08000fb7   Thumb Code    24  stm32f10x_tim.o(.text)
    TIM_SelectCCDMA                          0x08000fcf   Thumb Code    24  stm32f10x_tim.o(.text)
    TIM_CCPreloadControl                     0x08000fe7   Thumb Code    24  stm32f10x_tim.o(.text)
    TIM_OC1PreloadConfig                     0x08000fff   Thumb Code    18  stm32f10x_tim.o(.text)
    TIM_OC2PreloadConfig                     0x08001011   Thumb Code    22  stm32f10x_tim.o(.text)
    TIM_OC3PreloadConfig                     0x08001027   Thumb Code    18  stm32f10x_tim.o(.text)
    TIM_OC4PreloadConfig                     0x08001039   Thumb Code    22  stm32f10x_tim.o(.text)
    TIM_OC1FastConfig                        0x0800104f   Thumb Code    18  stm32f10x_tim.o(.text)
    TIM_OC2FastConfig                        0x08001061   Thumb Code    22  stm32f10x_tim.o(.text)
    TIM_OC3FastConfig                        0x08001077   Thumb Code    18  stm32f10x_tim.o(.text)
    TIM_OC4FastConfig                        0x08001089   Thumb Code    22  stm32f10x_tim.o(.text)
    TIM_ClearOC1Ref                          0x0800109f   Thumb Code    18  stm32f10x_tim.o(.text)
    TIM_ClearOC2Ref                          0x080010b1   Thumb Code    20  stm32f10x_tim.o(.text)
    TIM_ClearOC3Ref                          0x080010c5   Thumb Code    18  stm32f10x_tim.o(.text)
    TIM_ClearOC4Ref                          0x080010d7   Thumb Code    20  stm32f10x_tim.o(.text)
    TIM_OC1PolarityConfig                    0x080010eb   Thumb Code    18  stm32f10x_tim.o(.text)
    TIM_OC1NPolarityConfig                   0x080010fd   Thumb Code    18  stm32f10x_tim.o(.text)
    TIM_OC2PolarityConfig                    0x0800110f   Thumb Code    22  stm32f10x_tim.o(.text)
    TIM_OC2NPolarityConfig                   0x08001125   Thumb Code    22  stm32f10x_tim.o(.text)
    TIM_OC3PolarityConfig                    0x0800113b   Thumb Code    22  stm32f10x_tim.o(.text)
    TIM_OC3NPolarityConfig                   0x08001151   Thumb Code    22  stm32f10x_tim.o(.text)
    TIM_OC4PolarityConfig                    0x08001167   Thumb Code    22  stm32f10x_tim.o(.text)
    TIM_CCxCmd                               0x0800117d   Thumb Code    30  stm32f10x_tim.o(.text)
    TIM_CCxNCmd                              0x0800119b   Thumb Code    30  stm32f10x_tim.o(.text)
    TIM_SelectOCxM                           0x080011b9   Thumb Code   142  stm32f10x_tim.o(.text)
    TIM_UpdateDisableConfig                  0x08001247   Thumb Code    24  stm32f10x_tim.o(.text)
    TIM_UpdateRequestConfig                  0x0800125f   Thumb Code    24  stm32f10x_tim.o(.text)
    TIM_SelectHallSensor                     0x08001277   Thumb Code    24  stm32f10x_tim.o(.text)
    TIM_SelectOnePulseMode                   0x0800128f   Thumb Code    18  stm32f10x_tim.o(.text)
    TIM_SelectOutputTrigger                  0x080012a1   Thumb Code    18  stm32f10x_tim.o(.text)
    TIM_SelectSlaveMode                      0x080012b3   Thumb Code    18  stm32f10x_tim.o(.text)
    TIM_SelectMasterSlaveMode                0x080012c5   Thumb Code    18  stm32f10x_tim.o(.text)
    TIM_SetCounter                           0x080012d7   Thumb Code     4  stm32f10x_tim.o(.text)
    TIM_SetAutoreload                        0x080012db   Thumb Code     4  stm32f10x_tim.o(.text)
    TIM_SetCompare1                          0x080012df   Thumb Code     4  stm32f10x_tim.o(.text)
    TIM_SetCompare2                          0x080012e3   Thumb Code     4  stm32f10x_tim.o(.text)
    TIM_SetCompare3                          0x080012e7   Thumb Code     4  stm32f10x_tim.o(.text)
    TIM_SetCompare4                          0x080012eb   Thumb Code     6  stm32f10x_tim.o(.text)
    TIM_SetClockDivision                     0x080012f1   Thumb Code    14  stm32f10x_tim.o(.text)
    TIM_GetCapture1                          0x080012ff   Thumb Code     6  stm32f10x_tim.o(.text)
    TIM_GetCapture2                          0x08001305   Thumb Code     6  stm32f10x_tim.o(.text)
    TIM_GetCapture3                          0x0800130b   Thumb Code     6  stm32f10x_tim.o(.text)
    TIM_GetCapture4                          0x08001311   Thumb Code     8  stm32f10x_tim.o(.text)
    TIM_GetCounter                           0x08001319   Thumb Code     6  stm32f10x_tim.o(.text)
    TIM_GetPrescaler                         0x0800131f   Thumb Code     6  stm32f10x_tim.o(.text)
    TIM_GetFlagStatus                        0x08001325   Thumb Code    18  stm32f10x_tim.o(.text)
    TIM_ClearFlag                            0x08001337   Thumb Code     6  stm32f10x_tim.o(.text)
    TIM_GetITStatus                          0x0800133d   Thumb Code    34  stm32f10x_tim.o(.text)
    TIM_ClearITPendingBit                    0x0800135f   Thumb Code     6  stm32f10x_tim.o(.text)
    USART_DeInit                             0x08001365   Thumb Code   146  stm32f10x_usart.o(.text)
    USART_Init                               0x080013f7   Thumb Code   150  stm32f10x_usart.o(.text)
    USART_StructInit                         0x0800148d   Thumb Code    24  stm32f10x_usart.o(.text)
    USART_ClockInit                          0x080014a5   Thumb Code    34  stm32f10x_usart.o(.text)
    USART_ClockStructInit                    0x080014c7   Thumb Code    12  stm32f10x_usart.o(.text)
    USART_Cmd                                0x080014d3   Thumb Code    24  stm32f10x_usart.o(.text)
    USART_ITConfig                           0x080014eb   Thumb Code    64  stm32f10x_usart.o(.text)
    USART_DMACmd                             0x0800152b   Thumb Code    24  stm32f10x_usart.o(.text)
    USART_SetAddress                         0x08001543   Thumb Code    18  stm32f10x_usart.o(.text)
    USART_WakeUpConfig                       0x08001555   Thumb Code    18  stm32f10x_usart.o(.text)
    USART_ReceiverWakeUpCmd                  0x08001567   Thumb Code    24  stm32f10x_usart.o(.text)
    USART_LINBreakDetectLengthConfig         0x0800157f   Thumb Code    18  stm32f10x_usart.o(.text)
    USART_LINCmd                             0x08001591   Thumb Code    24  stm32f10x_usart.o(.text)
    USART_SendData                           0x080015a9   Thumb Code     8  stm32f10x_usart.o(.text)
    USART_ReceiveData                        0x080015b1   Thumb Code    10  stm32f10x_usart.o(.text)
    USART_SendBreak                          0x080015bb   Thumb Code    10  stm32f10x_usart.o(.text)
    USART_SetGuardTime                       0x080015c5   Thumb Code    16  stm32f10x_usart.o(.text)
    USART_SetPrescaler                       0x080015d5   Thumb Code    16  stm32f10x_usart.o(.text)
    USART_SmartCardCmd                       0x080015e5   Thumb Code    24  stm32f10x_usart.o(.text)
    USART_SmartCardNACKCmd                   0x080015fd   Thumb Code    24  stm32f10x_usart.o(.text)
    USART_HalfDuplexCmd                      0x08001615   Thumb Code    24  stm32f10x_usart.o(.text)
    USART_IrDAConfig                         0x0800162d   Thumb Code    18  stm32f10x_usart.o(.text)
    USART_IrDACmd                            0x0800163f   Thumb Code    24  stm32f10x_usart.o(.text)
    USART_GetFlagStatus                      0x08001657   Thumb Code    18  stm32f10x_usart.o(.text)
    USART_ClearFlag                          0x08001669   Thumb Code     6  stm32f10x_usart.o(.text)
    USART_GetITStatus                        0x0800166f   Thumb Code    76  stm32f10x_usart.o(.text)
    USART_ClearITPendingBit                  0x080016bb   Thumb Code    20  stm32f10x_usart.o(.text)
    SystemInit                               0x080017ab   Thumb Code    68  system_stm32f10x.o(.text)
    NVIC_PriorityGroupConfig                 0x08001801   Thumb Code    10  misc.o(.text)
    NVIC_Init                                0x0800180b   Thumb Code   118  misc.o(.text)
    NVIC_SetVectorTable                      0x08001881   Thumb Code    12  misc.o(.text)
    NVIC_SystemLPConfig                      0x0800188d   Thumb Code    38  misc.o(.text)
    SysTick_CLKSourceConfig                  0x080018b3   Thumb Code    40  misc.o(.text)
    FLASH_SetLatency                         0x080018f9   Thumb Code    18  stm32f10x_flash.o(.text)
    FLASH_HalfCycleAccessCmd                 0x0800190b   Thumb Code    22  stm32f10x_flash.o(.text)
    FLASH_PrefetchBufferCmd                  0x08001921   Thumb Code    22  stm32f10x_flash.o(.text)
    FLASH_Unlock                             0x08001937   Thumb Code    12  stm32f10x_flash.o(.text)
    FLASH_Lock                               0x08001943   Thumb Code    14  stm32f10x_flash.o(.text)
    FLASH_GetStatus                          0x08001951   Thumb Code    50  stm32f10x_flash.o(.text)
    FLASH_WaitForLastOperation               0x08001991   Thumb Code    42  stm32f10x_flash.o(.text)
    FLASH_ErasePage                          0x080019bb   Thumb Code    76  stm32f10x_flash.o(.text)
    FLASH_EraseAllPages                      0x08001a07   Thumb Code    72  stm32f10x_flash.o(.text)
    FLASH_EraseOptionBytes                   0x08001a4f   Thumb Code   144  stm32f10x_flash.o(.text)
    FLASH_ProgramWord                        0x08001adf   Thumb Code   100  stm32f10x_flash.o(.text)
    FLASH_ProgramHalfWord                    0x08001b43   Thumb Code    64  stm32f10x_flash.o(.text)
    FLASH_ProgramOptionByteData              0x08001b83   Thumb Code    72  stm32f10x_flash.o(.text)
    FLASH_EnableWriteProtection              0x08001bcb   Thumb Code   178  stm32f10x_flash.o(.text)
    FLASH_ReadOutProtection                  0x08001c7d   Thumb Code   186  stm32f10x_flash.o(.text)
    FLASH_UserOptionByteConfig               0x08001d37   Thumb Code    94  stm32f10x_flash.o(.text)
    FLASH_GetUserOptionByte                  0x08001d95   Thumb Code     8  stm32f10x_flash.o(.text)
    FLASH_GetWriteProtectionOptionByte       0x08001d9d   Thumb Code     6  stm32f10x_flash.o(.text)
    FLASH_GetReadOutProtectionStatus         0x08001da3   Thumb Code    20  stm32f10x_flash.o(.text)
    FLASH_GetPrefetchBufferStatus            0x08001db7   Thumb Code    20  stm32f10x_flash.o(.text)
    FLASH_ITConfig                           0x08001dcb   Thumb Code    26  stm32f10x_flash.o(.text)
    FLASH_GetFlagStatus                      0x08001de5   Thumb Code    42  stm32f10x_flash.o(.text)
    FLASH_ClearFlag                          0x08001e0f   Thumb Code     6  stm32f10x_flash.o(.text)
    GPIO_DeInit                              0x08001e29   Thumb Code   188  stm32f10x_gpio.o(.text)
    GPIO_AFIODeInit                          0x08001ee5   Thumb Code    20  stm32f10x_gpio.o(.text)
    GPIO_Init                                0x08001ef9   Thumb Code   274  stm32f10x_gpio.o(.text)
    GPIO_StructInit                          0x0800200b   Thumb Code    16  stm32f10x_gpio.o(.text)
    GPIO_ReadInputDataBit                    0x0800201b   Thumb Code    18  stm32f10x_gpio.o(.text)
    GPIO_ReadInputData                       0x0800202d   Thumb Code     8  stm32f10x_gpio.o(.text)
    GPIO_ReadOutputDataBit                   0x08002035   Thumb Code    18  stm32f10x_gpio.o(.text)
    GPIO_ReadOutputData                      0x08002047   Thumb Code     8  stm32f10x_gpio.o(.text)
    GPIO_SetBits                             0x0800204f   Thumb Code     4  stm32f10x_gpio.o(.text)
    GPIO_ResetBits                           0x08002053   Thumb Code     4  stm32f10x_gpio.o(.text)
    GPIO_WriteBit                            0x08002057   Thumb Code    10  stm32f10x_gpio.o(.text)
    GPIO_Write                               0x08002061   Thumb Code     4  stm32f10x_gpio.o(.text)
    GPIO_PinLockConfig                       0x08002065   Thumb Code    18  stm32f10x_gpio.o(.text)
    GPIO_EventOutputConfig                   0x08002077   Thumb Code    26  stm32f10x_gpio.o(.text)
    GPIO_EventOutputCmd                      0x08002091   Thumb Code     6  stm32f10x_gpio.o(.text)
    GPIO_PinRemapConfig                      0x08002097   Thumb Code   106  stm32f10x_gpio.o(.text)
    GPIO_EXTILineConfig                      0x08002101   Thumb Code    66  stm32f10x_gpio.o(.text)
    uip_setipid                              0x08002155   Thumb Code     6  uip.o(.text)
    uip_add32                                0x0800215b   Thumb Code   106  uip.o(.text)
    htons                                    0x0800220b   Thumb Code    12  uip.o(.text)
    uip_chksum                               0x08002217   Thumb Code    24  uip.o(.text)
    uip_ipchksum                             0x0800222f   Thumb Code    32  uip.o(.text)
    uip_tcpchksum                            0x08002295   Thumb Code    10  uip.o(.text)
    uip_init                                 0x0800229f   Thumb Code   128  uip.o(.text)
    uip_connect                              0x0800231f   Thumb Code   246  uip.o(.text)
    uip_udp_new                              0x08002415   Thumb Code   194  uip.o(.text)
    uip_unlisten                             0x080024d7   Thumb Code    58  uip.o(.text)
    uip_listen                               0x08002511   Thumb Code    92  uip.o(.text)
    uip_process                              0x08002837   Thumb Code  4164  uip.o(.text)
    uip_send                                 0x0800387b   Thumb Code    56  uip.o(.text)
    uip_arp_init                             0x080038d9   Thumb Code    46  uip_arp.o(.text)
    uip_arp_timer                            0x08003907   Thumb Code    76  uip_arp.o(.text)
    uip_arp_arpin                            0x08003a63   Thumb Code   216  uip_arp.o(.text)
    uip_arp_out                              0x08003b3b   Thumb Code   366  uip_arp.o(.text)
    timer_set                                0x08003ce5   Thumb Code    16  uip_timer.o(.text)
    timer_reset                              0x08003cf5   Thumb Code    10  uip_timer.o(.text)
    timer_restart                            0x08003cff   Thumb Code    12  uip_timer.o(.text)
    timer_expired                            0x08003d0b   Thumb Code    26  uip_timer.o(.text)
    resolv_appcall                           0x08003f23   Thumb Code    44  resolv.o(.text)
    resolv_query                             0x08003f4f   Thumb Code   164  resolv.o(.text)
    resolv_lookup                            0x08003ff3   Thumb Code    74  resolv.o(.text)
    resolv_getserver                         0x0800403d   Thumb Code    16  resolv.o(.text)
    resolv_conf                              0x0800404d   Thumb Code    34  resolv.o(.text)
    resolv_init                              0x0800406f   Thumb Code    48  resolv.o(.text)
    webclient_mimetype                       0x080040e5   Thumb Code     4  webclient.o(.text)
    webclient_filename                       0x080040e9   Thumb Code     4  webclient.o(.text)
    webclient_hostname                       0x080040ed   Thumb Code     6  webclient.o(.text)
    webclient_rport                          0x080040f3   Thumb Code     8  webclient.o(.text)
    webclient_lport                          0x080040fb   Thumb Code     8  webclient.o(.text)
    webclient_init                           0x08004103   Thumb Code     2  webclient.o(.text)
    webclient_close                          0x08004139   Thumb Code    10  webclient.o(.text)
    webclient_get                            0x08004143   Thumb Code   280  webclient.o(.text)
    webclient_appcall                        0x080046af   Thumb Code   258  webclient.o(.text)
    uiplib_ipaddrconv                        0x080047d1   Thumb Code    94  uiplib.o(.text)
    smtp_done                                0x08004831   Thumb Code   174  smtp.o(.text)
    smtp_connected                           0x0800534f   Thumb Code   110  smtp.o(.text)
    smtp_appcall                             0x080053bd   Thumb Code    84  smtp.o(.text)
    smtp_configure                           0x08005411   Thumb Code    20  smtp.o(.text)
    smtp_send                                0x08005425   Thumb Code   358  smtp.o(.text)
    smtp_lport                               0x0800558b   Thumb Code     8  smtp.o(.text)
    smtp_init                                0x08005593   Thumb Code    10  smtp.o(.text)
    psock_send                               0x0800574f   Thumb Code   108  psock.o(.text)
    psock_generator_send                     0x080057bb   Thumb Code   130  psock.o(.text)
    psock_datalen                            0x0800583d   Thumb Code    12  psock.o(.text)
    psock_newdata                            0x08005849   Thumb Code    48  psock.o(.text)
    psock_readto                             0x08005879   Thumb Code   140  psock.o(.text)
    psock_readbuf                            0x08005905   Thumb Code   142  psock.o(.text)
    psock_init                               0x08005993   Thumb Code    40  psock.o(.text)
    enc28j60ReadOp                           0x080059e1   Thumb Code    60  enc28j60.o(.text)
    enc28j60WriteOp                          0x08005a1d   Thumb Code    52  enc28j60.o(.text)
    enc28j60ReadBuffer                       0x08005a51   Thumb Code    50  enc28j60.o(.text)
    enc28j60WriteBuffer                      0x08005a83   Thumb Code    44  enc28j60.o(.text)
    enc28j60SetBank                          0x08005aaf   Thumb Code    48  enc28j60.o(.text)
    enc28j60Read                             0x08005adf   Thumb Code    20  enc28j60.o(.text)
    enc28j60Write                            0x08005af3   Thumb Code    24  enc28j60.o(.text)
    enc28j60PhyWrite                         0x08005b0b   Thumb Code    48  enc28j60.o(.text)
    enc28j60clkout                           0x08005b3b   Thumb Code    16  enc28j60.o(.text)
    enc28j60Init                             0x08005b4b   Thumb Code   318  enc28j60.o(.text)
    enc28j60getrev                           0x08005c89   Thumb Code    10  enc28j60.o(.text)
    enc28j60PacketSend                       0x08005c93   Thumb Code   440  enc28j60.o(.text)
    enc28j60PacketReceive                    0x08005e4b   Thumb Code   190  enc28j60.o(.text)
    enc28j60_read_phyreg                     0x08005f09   Thumb Code    64  enc28j60.o(.text)
    enc28j60_mac_is_linked                   0x08005f49   Thumb Code    22  enc28j60.o(.text)
    SPI_Enc28j60_Init                        0x08005f65   Thumb Code   148  spi_enc28j60.o(.text)
    SPI1_ReadWrite                           0x08005ff9   Thumb Code    50  spi_enc28j60.o(.text)
    delay_init                               0x08006035   Thumb Code    44  delay.o(.text)
    delay_ms                                 0x08006061   Thumb Code    54  delay.o(.text)
    delay_us                                 0x08006097   Thumb Code    54  delay.o(.text)
    EXTI_Configuration                       0x080060d5   Thumb Code     2  exti.o(.text)
    Hex2HexStr                               0x080060d9   Thumb Code    38  global.o(.text)
    Hex2Str                                  0x080060ff   Thumb Code   190  global.o(.text)
    U16_2Str                                 0x080061bd   Thumb Code   320  global.o(.text)
    ReplaceStr                               0x080062fd   Thumb Code   110  global.o(.text)
    itoa                                     0x0800636b   Thumb Code    98  global.o(.text)
    GPIO_Configuration                       0x080063dd   Thumb Code   100  gpio.o(.text)
    LED_Green_ON                             0x08006441   Thumb Code    14  gpio.o(.text)
    LED_Green_OFF                            0x0800644f   Thumb Code    14  gpio.o(.text)
    LED_Green_FLASH                          0x0800645d   Thumb Code    16  gpio.o(.text)
    LED_Red_FLASH                            0x0800646d   Thumb Code    16  gpio.o(.text)
    LED1_ON                                  0x0800647d   Thumb Code    14  gpio.o(.text)
    LED1_OFF                                 0x0800648b   Thumb Code    14  gpio.o(.text)
    LED1_FLASH                               0x08006499   Thumb Code    16  gpio.o(.text)
    LED2_ON                                  0x080064a9   Thumb Code    14  gpio.o(.text)
    LED2_OFF                                 0x080064b7   Thumb Code    14  gpio.o(.text)
    LED2_FLASH                               0x080064c5   Thumb Code    14  gpio.o(.text)
    NVIC_Configuration                       0x080064e9   Thumb Code    98  platform_init.o(.text)
    RCC_Configuration                        0x0800654b   Thumb Code    18  platform_init.o(.text)
    Platform_Init                            0x0800655d   Thumb Code    50  platform_init.o(.text)
    IWDG_Configuration                       0x0800658f   Thumb Code    34  platform_init.o(.text)
    SysTick_Handler                          0x080065b5   Thumb Code     2  stm32f10x_it.o(.text)
    USART1_IRQHandler                        0x080065b7   Thumb Code    98  stm32f10x_it.o(.text)
    TIM2_IRQHandler                          0x08006619   Thumb Code   254  stm32f10x_it.o(.text)
    HardFault_Handler                        0x08006717   Thumb Code     8  stm32f10x_it.o(.text)
    BusFault_Handler                         0x0800671f   Thumb Code     8  stm32f10x_it.o(.text)
    UsageFault_Handler                       0x08006727   Thumb Code     8  stm32f10x_it.o(.text)
    Timer_Configuration                      0x0800677d   Thumb Code    80  timer.o(.text)
    USART1_Configuration                     0x080067cd   Thumb Code   128  usart.o(.text)
    USART_Configuration                      0x0800684d   Thumb Code    28  usart.o(.text)
    USART2_Configuration                     0x08006869   Thumb Code   122  usart.o(.text)
    USART3_Configuration                     0x080068e3   Thumb Code   134  usart.o(.text)
    USART1_Put_Char                          0x08006969   Thumb Code    56  usart.o(.text)
    USART1_Put_Data                          0x080069a1   Thumb Code    68  usart.o(.text)
    USART1_Put_String                        0x080069e5   Thumb Code    66  usart.o(.text)
    USART2_Put_Char                          0x08006a27   Thumb Code    56  usart.o(.text)
    USART2_Put_String                        0x08006a5f   Thumb Code    66  usart.o(.text)
    USART2_Put_Data                          0x08006aa1   Thumb Code    68  usart.o(.text)
    USART3_Put_Char                          0x08006ae5   Thumb Code    40  usart.o(.text)
    USART3_Put_Data                          0x08006b0d   Thumb Code    52  usart.o(.text)
    Rcv_Usart1_To_Array                      0x08006bb7   Thumb Code    44  usart_app.o(.text)
    init_virtual_addr                        0x08006bf5   Thumb Code    22  eeprom.o(.text)
    EE_ReadVariable                          0x08006cf3   Thumb Code    92  eeprom.o(.text)
    EE_Init                                  0x08006d4f   Thumb Code   484  eeprom.o(.text)
    EE_WriteVariable                         0x08007027   Thumb Code    36  eeprom.o(.text)
    Get_SerialNum                            0x0800704d   Thumb Code    38  main.o(.text)
    loop_feed_softdog                        0x08007073   Thumb Code     8  main.o(.text)
    feed_GSM_wakeup_softdog                  0x0800707b   Thumb Code     8  main.o(.text)
    feed_Get_IP_softdog                      0x08007083   Thumb Code     8  main.o(.text)
    feed_GSM_offline_softdog                 0x0800708b   Thumb Code     8  main.o(.text)
    LedPwrUp                                 0x08007093   Thumb Code    28  main.o(.text)
    LedGreenFlashSlow                        0x080070af   Thumb Code    28  main.o(.text)
    LedGreenFlashFast                        0x080070cb   Thumb Code    28  main.o(.text)
    tcp_data_Analyse                         0x080070e7   Thumb Code     2  main.o(.text)
    XEmailAddr                               0x080070e9   Thumb Code    64  main.o(.text)
    GetEmailUserPW                           0x08007129   Thumb Code    44  main.o(.text)
    IpU16ToStr                               0x08007155   Thumb Code   150  main.o(.text)
    LookupIP                                 0x080071eb   Thumb Code   282  main.o(.text)
    SendEmail_163                            0x08007305   Thumb Code    62  main.o(.text)
    IO_Config                                0x08007343   Thumb Code    34  main.o(.text)
    now_status                               0x08007365   Thumb Code    14  main.o(.text)
    save_para_IP                             0x08007373   Thumb Code    50  main.o(.text)
    read_para_IP                             0x080073a5   Thumb Code    52  main.o(.text)
    save_para_phone                          0x080073d9   Thumb Code    66  main.o(.text)
    read_para_phone                          0x0800741b   Thumb Code   172  main.o(.text)
    save_para_URL                            0x080074c7   Thumb Code    66  main.o(.text)
    read_para_URL                            0x08007509   Thumb Code    58  main.o(.text)
    save_para_email                          0x08007543   Thumb Code    66  main.o(.text)
    read_para_email                          0x08007585   Thumb Code    58  main.o(.text)
    debug_info_show                          0x080075bf   Thumb Code    28  main.o(.text)
    save_mem_to_flash                        0x080075db   Thumb Code   526  main.o(.text)
    GetActWeb                                0x080077e9   Thumb Code    60  main.o(.text)
    ShowActiveWeb                            0x08007825   Thumb Code   274  main.o(.text)
    read_flash_to_mem                        0x08007937   Thumb Code   108  main.o(.text)
    CompareFlashWithMem                      0x080079a3   Thumb Code  1858  main.o(.text)
    show_flash_para                          0x080080e5   Thumb Code   886  main.o(.text)
    show_mem_para                            0x0800845b   Thumb Code   882  main.o(.text)
    ShowMemTelUnicode                        0x080087cd   Thumb Code   220  main.o(.text)
    AsciiToUnicode                           0x080088a9   Thumb Code   242  main.o(.text)
    TelAsciiToUnicode                        0x0800899b   Thumb Code   100  main.o(.text)
    TelLoad                                  0x080089ff   Thumb Code    48  main.o(.text)
    ReadConfigPara                           0x08008a2f   Thumb Code    80  main.o(.text)
    init_sm_queue                            0x08008a7f   Thumb Code    12  main.o(.text)
    s_FIFO_Null                              0x08008a8b   Thumb Code    16  main.o(.text)
    s_FIFO_Full                              0x08008a9b   Thumb Code    18  main.o(.text)
    r_FIFO_Null                              0x08008aad   Thumb Code    16  main.o(.text)
    r_FIFO_Full                              0x08008abd   Thumb Code    18  main.o(.text)
    s_FIFO_head                              0x08008acf   Thumb Code    86  main.o(.text)
    s_FIFO_pop                               0x08008b25   Thumb Code   390  main.o(.text)
    s_FIFO_push                              0x08008cab   Thumb Code   162  main.o(.text)
    s_FIFO_head_modify                       0x08008d4d   Thumb Code    84  main.o(.text)
    r_FIFO_head                              0x08008da1   Thumb Code    34  main.o(.text)
    r_FIFO_pop                               0x08008dc3   Thumb Code   126  main.o(.text)
    r_FIFO_push                              0x08008e41   Thumb Code    80  main.o(.text)
    clear_rcv_buf                            0x08008e91   Thumb Code    80  main.o(.text)
    wait_GSM_active                          0x08008ee1   Thumb Code   384  main.o(.text)
    init_GSM                                 0x08009061   Thumb Code   418  main.o(.text)
    catch_phone_sm                           0x08009203   Thumb Code   180  main.o(.text)
    analyse_GSM_SM                           0x080092b7   Thumb Code  1102  main.o(.text)
    AsciiIpPortToUncode                      0x08009705   Thumb Code    16  main.o(.text)
    IpU8ToStr                                0x08009715   Thumb Code   122  main.o(.text)
    Web_Link_Init                            0x0800978f   Thumb Code    40  main.o(.text)
    UnicodeToAscii                           0x080097b7   Thumb Code   100  main.o(.text)
    UART_cmd_procese                         0x0800981b   Thumb Code   664  main.o(.text)
    loop_process_sm                          0x08009ab3   Thumb Code   366  main.o(.text)
    loop_process_uart1                       0x08009c21   Thumb Code    74  main.o(.text)
    sys_time_poll                            0x08009c6b   Thumb Code   140  main.o(.text)
    uip_main                                 0x08009cf7   Thumb Code   490  main.o(.text)
    Init_Enc28j60_Chip                       0x08009ee1   Thumb Code    10  main.o(.text)
    loop_process_tcpip                       0x08009eeb   Thumb Code    44  main.o(.text)
    Tcp_Init                                 0x08009f17   Thumb Code   114  main.o(.text)
    Init_uip                                 0x08009f89   Thumb Code   410  main.o(.text)
    main                                     0x0800a123   Thumb Code    96  main.o(.text)
    app_aborted                              0x0800a183   Thumb Code    94  main.o(.text)
    app_timedout                             0x0800a1e1   Thumb Code    94  main.o(.text)
    app_closed                               0x0800a23f   Thumb Code   208  main.o(.text)
    app_connected                            0x0800a30f   Thumb Code   168  main.o(.text)
    app_stop                                 0x0800a3b7   Thumb Code    94  main.o(.text)
    app_rexmit                               0x0800a415   Thumb Code     2  main.o(.text)
    lport2ripStr                             0x0800a417   Thumb Code   152  main.o(.text)
    getSmtpSvr                               0x0800a4af   Thumb Code   120  main.o(.text)
    net_cmd_get_para                         0x0800a527   Thumb Code   852  main.o(.text)
    IsValidPhone                             0x0800a87b   Thumb Code   112  main.o(.text)
    AsciiToUnsignInt                         0x0800a8eb   Thumb Code    36  main.o(.text)
    Isdigit                                  0x0800a90f   Thumb Code    18  main.o(.text)
    IsDot                                    0x0800a921   Thumb Code    14  main.o(.text)
    IpStrToU8                                0x0800a92f   Thumb Code   204  main.o(.text)
    Extract_N_V_Para                         0x0800a9fb   Thumb Code   124  main.o(.text)
    net_cmd_set_para                         0x0800aa77   Thumb Code   910  main.o(.text)
    net_cmd_process                          0x0800ae05   Thumb Code  1958  main.o(.text)
    Uip_Appcall                              0x0800b5ab   Thumb Code  1262  main.o(.text)
    Udp_Appcall                              0x0800ba99   Thumb Code    48  main.o(.text)
    dhcpc_configured                         0x0800bac9   Thumb Code   696  main.o(.text)
    resolv_found                             0x0800bd81   Thumb Code   250  main.o(.text)
    webclient_closed                         0x0800be7b   Thumb Code   120  main.o(.text)
    webclient_aborted                        0x0800bef3   Thumb Code    44  main.o(.text)
    webclient_timedout                       0x0800bf1f   Thumb Code   120  main.o(.text)
    webclient_connected                      0x0800bf97   Thumb Code    34  main.o(.text)
    sendIP2phone                             0x0800bfb9   Thumb Code   108  main.o(.text)
    ParsePageIpAddr                          0x0800c025   Thumb Code   380  main.o(.text)
    webclient_datahandler                    0x0800c1a1   Thumb Code   280  main.o(.text)
    clock_time                               0x0800c331   Thumb Code     6  clock-arch.o(.text)
    etherdev_init                            0x0800c33d   Thumb Code    12  tapdev.o(.text)
    etherdev_read                            0x0800c349   Thumb Code    14  tapdev.o(.text)
    etherdev_send                            0x0800c357   Thumb Code    14  tapdev.o(.text)
    dhcpc_init                               0x0800c703   Thumb Code    70  dhcpc.o(.text)
    dhcpc_appcall                            0x0800c749   Thumb Code     8  dhcpc.o(.text)
    dhcpc_request                            0x0800c751   Thumb Code    72  dhcpc.o(.text)
    ___aeabi_memcpy8$move                    0x0800c799   Thumb Code     0  memmovea.o(.text)
    __aeabi_memcpy                           0x0800c799   Thumb Code    64  memmovea.o(.text)
    __aeabi_memcpy4                          0x0800c799   Thumb Code     0  memmovea.o(.text)
    __aeabi_memmove                          0x0800c799   Thumb Code     0  memmovea.o(.text)
    __aeabi_memmove4                         0x0800c799   Thumb Code     0  memmovea.o(.text)
    __aeabi_memmove8                         0x0800c799   Thumb Code     0  memmovea.o(.text)
    __aeabi_memset                           0x0800c7d9   Thumb Code    14  memseta.o(.text)
    __aeabi_memset4                          0x0800c7d9   Thumb Code     0  memseta.o(.text)
    __aeabi_memset8                          0x0800c7d9   Thumb Code     0  memseta.o(.text)
    __aeabi_memclr                           0x0800c7e7   Thumb Code     4  memseta.o(.text)
    __aeabi_memclr4                          0x0800c7e7   Thumb Code     0  memseta.o(.text)
    __aeabi_memclr8                          0x0800c7e7   Thumb Code     0  memseta.o(.text)
    _memset$wrapper                          0x0800c7eb   Thumb Code    20  memseta.o(.text)
    strcat                                   0x0800c7ff   Thumb Code    28  strcat.o(.text)
    strstr                                   0x0800c81b   Thumb Code    44  strstr.o(.text)
    strncpy                                  0x0800c847   Thumb Code    24  strncpy.o(.text)
    strchr                                   0x0800c85f   Thumb Code    18  strchr.o(.text)
    strlen                                   0x0800c871   Thumb Code    16  strlen.o(.text)
    strcmp                                   0x0800c881   Thumb Code    28  strcmp.o(.text)
    memcmp                                   0x0800c89d   Thumb Code    26  memcmp.o(.text)
    strcpy                                   0x0800c8b7   Thumb Code    18  strcpy.o(.text)
    strncmp                                  0x0800c8c9   Thumb Code    30  strncmp.o(.text)
    __scatterload                            0x0800c8e9   Thumb Code    28  init.o(.text)
    __scatterload_rt2                        0x0800c8e9   Thumb Code     0  init.o(.text)
    __I$use$semihosting$fputc                0x0800c90d   Thumb Code     0  iusesemip.o(.text)
    __decompress                             0x0800c90d   Thumb Code     0  __dczerorl2.o(.text)
    __decompress1                            0x0800c90d   Thumb Code    92  __dczerorl2.o(.text)
    __0printf$bare                           0x0800c969   Thumb Code     8  printfb.o(i.__0printf$bare)
    __1printf$bare                           0x0800c969   Thumb Code     0  printfb.o(i.__0printf$bare)
    __2printf                                0x0800c969   Thumb Code     0  printfb.o(i.__0printf$bare)
    __scatterload_copy                       0x0800c979   Thumb Code    14  handlers.o(i.__scatterload_copy)
    __scatterload_null                       0x0800c987   Thumb Code     2  handlers.o(i.__scatterload_null)
    __scatterload_zeroinit                   0x0800c989   Thumb Code    14  handlers.o(i.__scatterload_zeroinit)
    fputc                                    0x0800c9b9   Thumb Code    18  fputc.o(i.fputc)
    http_http                                0x0800c9e4   Data           8  webclient-strings.o(.constdata)
    http_200                                 0x0800c9ec   Data           5  webclient-strings.o(.constdata)
    http_301                                 0x0800c9f1   Data           5  webclient-strings.o(.constdata)
    http_302                                 0x0800c9f6   Data           5  webclient-strings.o(.constdata)
    http_get                                 0x0800c9fb   Data           5  webclient-strings.o(.constdata)
    http_10                                  0x0800ca00   Data           9  webclient-strings.o(.constdata)
    http_11                                  0x0800ca09   Data           9  webclient-strings.o(.constdata)
    http_content_type                        0x0800ca12   Data          15  webclient-strings.o(.constdata)
    http_texthtml                            0x0800ca21   Data          10  webclient-strings.o(.constdata)
    http_location                            0x0800ca2b   Data          11  webclient-strings.o(.constdata)
    http_host                                0x0800ca36   Data           7  webclient-strings.o(.constdata)
    http_crnl                                0x0800ca3d   Data           3  webclient-strings.o(.constdata)
    http_index_html                          0x0800ca40   Data          12  webclient-strings.o(.constdata)
    http_404_html                            0x0800ca4c   Data          10  webclient-strings.o(.constdata)
    http_content_type_html                   0x0800ca56   Data          28  webclient-strings.o(.constdata)
    http_content_type_css                    0x0800ca72   Data          27  webclient-strings.o(.constdata)
    http_content_type_text                   0x0800ca8d   Data          28  webclient-strings.o(.constdata)
    http_content_type_png                    0x0800caa9   Data          28  webclient-strings.o(.constdata)
    http_content_type_gif                    0x0800cac5   Data          28  webclient-strings.o(.constdata)
    http_content_type_jpg                    0x0800cae1   Data          29  webclient-strings.o(.constdata)
    http_content_type_binary                 0x0800cafe   Data          43  webclient-strings.o(.constdata)
    http_html                                0x0800cb29   Data           6  webclient-strings.o(.constdata)
    http_shtml                               0x0800cb2f   Data           7  webclient-strings.o(.constdata)
    http_htm                                 0x0800cb36   Data           5  webclient-strings.o(.constdata)
    http_css                                 0x0800cb3b   Data           5  webclient-strings.o(.constdata)
    http_png                                 0x0800cb40   Data           5  webclient-strings.o(.constdata)
    http_gif                                 0x0800cb45   Data           5  webclient-strings.o(.constdata)
    http_jpg                                 0x0800cb4a   Data           5  webclient-strings.o(.constdata)
    http_text                                0x0800cb4f   Data           6  webclient-strings.o(.constdata)
    http_txt                                 0x0800cb55   Data           5  webclient-strings.o(.constdata)
    http_user_agent_fields                   0x0800cb5a   Data          77  webclient-strings.o(.constdata)
    smtp_421                                 0x0800cba7   Data           4  smtp-strings.o(.constdata)
    smtp_250                                 0x0800cbab   Data           4  smtp-strings.o(.constdata)
    smtp_220                                 0x0800cbaf   Data           4  smtp-strings.o(.constdata)
    smtp_helo                                0x0800cbb3   Data           6  smtp-strings.o(.constdata)
    smtp_ehlo                                0x0800cbb9   Data           6  smtp-strings.o(.constdata)
    smtp_auth_login                          0x0800cbbf   Data          11  smtp-strings.o(.constdata)
    smtp_mail_from                           0x0800cbca   Data          12  smtp-strings.o(.constdata)
    smtp_rcpt_to                             0x0800cbd6   Data          10  smtp-strings.o(.constdata)
    smtp_data                                0x0800cbe0   Data           7  smtp-strings.o(.constdata)
    smtp_to                                  0x0800cbe7   Data           5  smtp-strings.o(.constdata)
    smtp_cc                                  0x0800cbec   Data           5  smtp-strings.o(.constdata)
    smtp_from                                0x0800cbf1   Data           7  smtp-strings.o(.constdata)
    smtp_subject                             0x0800cbf8   Data          10  smtp-strings.o(.constdata)
    smtp_quit                                0x0800cc02   Data           7  smtp-strings.o(.constdata)
    smtp_crnl                                0x0800cc09   Data           3  smtp-strings.o(.constdata)
    smtp_crnlperiodcrnl                      0x0800cc0c   Data           6  smtp-strings.o(.constdata)
    Region$$Table$$Base                      0x0800cd08   Number         0  anon$$obj.o(Region$$Table)
    Region$$Table$$Limit                     0x0800cd28   Number         0  anon$$obj.o(Region$$Table)
    uip_ethaddr                              0x20000014   Data           6  uip.o(.data)
    uip_hostaddr                             0x2000001a   Data           4  uip.o(.data)
    uip_draddr                               0x2000001e   Data           4  uip.o(.data)
    uip_netmask                              0x20000022   Data           4  uip.o(.data)
    uip_appdata                              0x20000028   Data           4  uip.o(.data)
    uip_sappdata                             0x2000002c   Data           4  uip.o(.data)
    uip_len                                  0x20000030   Data           2  uip.o(.data)
    uip_slen                                 0x20000032   Data           2  uip.o(.data)
    uip_flags                                0x20000034   Data           1  uip.o(.data)
    uip_conn                                 0x20000038   Data           4  uip.o(.data)
    uip_udp_conn                             0x2000003c   Data           4  uip.o(.data)
    uip_acc32                                0x20000048   Data           4  uip.o(.data)
    Sys_Dog_start                            0x20000090   Data           4  global.o(.data)
    Sys_Dog_Count                            0x20000094   Data           4  global.o(.data)
    GSM_Heartbeat_Count                      0x20000098   Data           4  global.o(.data)
    GSM_timing_wakeup                        0x2000009c   Data           1  global.o(.data)
    Get_IP_Req_Timer                         0x200000a0   Data           4  global.o(.data)
    IP_Req_wakeup                            0x200000a4   Data           1  global.o(.data)
    HexTable                                 0x200000a5   Data          17  global.o(.data)
    rcv_usart1_str_flag                      0x200000b6   Data           1  global.o(.data)
    rcv_usart1_end_flag                      0x200000b7   Data           1  global.o(.data)
    rcv_usart1_over_count                    0x200000b8   Data           1  global.o(.data)
    rcv_usart1_data_flg                      0x200000b9   Data           1  global.o(.data)
    rcv_usart1_data_len                      0x200000ba   Data           2  global.o(.data)
    rcv_usart2_str_flag                      0x200000bc   Data           1  global.o(.data)
    rcv_usart2_end_flag                      0x200000bd   Data           1  global.o(.data)
    rcv_usart2_over_count                    0x200000be   Data           1  global.o(.data)
    rcv_usart2_data_flg                      0x200000bf   Data           1  global.o(.data)
    rcv_usart2_data_len                      0x200000c0   Data           2  global.o(.data)
    led_red_sel                              0x200000c2   Data           1  global.o(.data)
    led_blue_sel                             0x200000c3   Data           1  global.o(.data)
    sssStr                                   0x200000c4   Data           5  global.o(.data)
    inTx1Buf                                 0x200000cc   Data           4  global.o(.data)
    outTx1Buf                                0x200000d0   Data           4  global.o(.data)
    inRx1Buf                                 0x200000d4   Data           4  global.o(.data)
    outRx1Buf                                0x200000d8   Data           4  global.o(.data)
    inTx2Buf                                 0x200000dc   Data           4  global.o(.data)
    outTx2Buf                                0x200000e0   Data           4  global.o(.data)
    inRx2Buf                                 0x200000e4   Data           4  global.o(.data)
    outRx2Buf                                0x200000e8   Data           4  global.o(.data)
    g_RunTime                                0x200000ec   Data           4  stm32f10x_it.o(.data)
    time_1000ms                              0x200000f0   Data           4  stm32f10x_it.o(.data)
    GPIO_InitStructure                       0x200000fa   Data           4  usart.o(.data)
    USART_ClockInitStructure                 0x200000fe   Data           8  usart.o(.data)
    DataVar                                  0x20000106   Data           2  eeprom.o(.data)
    ack_help                                 0x20000108   Data         344  main.o(.data)
    Vxy                                      0x20000260   Data          10  main.o(.data)
    fw_version                               0x2000026a   Data          44  main.o(.data)
    lasted_compiled_system_date              0x20000296   Data          12  main.o(.data)
    lasted_compiled_system_time              0x200002a2   Data           9  main.o(.data)
    GSM_offline_counter                      0x200002ac   Data           4  main.o(.data)
    snd_usart1_data_len                      0x200002b0   Data           2  main.o(.data)
    Uart1SndDataFlag                         0x200002b2   Data           1  main.o(.data)
    GSM_active_flag                          0x200002b3   Data           1  main.o(.data)
    init_GSM_end_flag                        0x200002b4   Data           1  main.o(.data)
    AT_list                                  0x200002b8   Data         144  main.o(.data)
    enc_send_size                            0x20000348   Data           1  main.o(.data)
    mymac                                    0x20000349   Data           6  main.o(.data)
    webclient_data_flag                      0x2000034f   Data           1  main.o(.data)
    webclient_data_len                       0x20000350   Data           2  main.o(.data)
    parasets                                 0x20000352   Data         953  main.o(.data)
    tcp_server_flag                          0x2000070b   Data           1  main.o(.data)
    myserverport                             0x2000070c   Data           4  main.o(.data)
    RemotePort                               0x20000710   Data           2  main.o(.data)
    uip_poll_ack_static                      0x20000712   Data           1  main.o(.data)
    periodic_timer                           0x20000720   Data           8  main.o(.data)
    arp_timer                                0x20000728   Data           8  main.o(.data)
    my_tcp_conn                              0x20000730   Data           4  main.o(.data)
    __stdout                                 0x20000734   Data           4  stdout.o(.data)
    uip_buf                                  0x20000738   Data        1502  uip.o(.bss)
    uip_conns                                0x20000d18   Data          96  uip.o(.bss)
    uip_listenports                          0x20000d78   Data          20  uip.o(.bss)
    uip_udp_conns                            0x20000d8c   Data         160  uip.o(.bss)
    uip_stat                                 0x20000e2c   Data          52  uip.o(.bss)
    smtp_user                                0x200016d0   Data          50  smtp-strings.o(.bss)
    smtp_pw                                  0x20001702   Data          50  smtp-strings.o(.bss)
    caNewString                              0x2000179c   Data        1024  global.o(.bss)
    HEXStr                                   0x20001b9c   Data          32  global.o(.bss)
    rcv_usart1_array                         0x20001bbc   Data        1024  global.o(.bss)
    rcv_usart2_array                         0x20001fbc   Data         255  global.o(.bss)
    Tx1Buf                                   0x200020bb   Data        1024  global.o(.bss)
    Rx1Buf                                   0x200024bb   Data        1024  global.o(.bss)
    Tx2Buf                                   0x200028bb   Data         255  global.o(.bss)
    Rx2Buf                                   0x200029ba   Data         255  global.o(.bss)
    USART_InitStructure                      0x20002abc   Data          16  usart.o(.bss)
    VirtAddVarTab                            0x20002acc   Data         440  eeprom.o(.bss)
    requestIPphone                           0x20002c84   Data          60  main.o(.bss)
    enc_send_buf                             0x20002cc0   Data         256  main.o(.bss)
    socket_keepalive                         0x20002e4c   Data          36  main.o(.bss)
    snd_usart1_array                         0x20002e70   Data        1024  main.o(.bss)
    tmp_eth_data_array                       0x20003270   Data        2048  main.o(.bss)
    phonelist                                0x20003a70   Data         240  main.o(.bss)
    EmailSubject                             0x20003b60   Data          80  main.o(.bss)
    EmailMsg                                 0x20003bb0   Data          80  main.o(.bss)
    snd_queue                                0x20003c00   Data        3301  main.o(.bss)
    rd_queue                                 0x200048e5   Data          31  main.o(.bss)
    webclient_data                           0x20004904   Data        1024  main.o(.bss)
    __initial_sp                             0x20004f38   Data           0  startup_stm32f10x_md.o(STACK)



==============================================================================

Memory Map of the image

  Image Entry point : 0x080000ed

  Load Region LR_IROM1 (Base: 0x08000000, Size: 0x0000d460, Max: 0x00020000, ABSOLUTE, COMPRESSED[0x0000d080])

    Execution Region ER_IROM1 (Base: 0x08000000, Size: 0x0000cd28, Max: 0x00020000, ABSOLUTE)

    Base Addr    Size         Type   Attr      Idx    E Section Name        Object

    0x08000000   0x000000ec   Data   RO            3    RESET               startup_stm32f10x_md.o
    0x080000ec   0x00000000   Code   RO         1098  * .ARM.Collect$$$$00000000  mc_w.l(entry.o)(mc_w.l)
    0x080000ec   0x00000004   Code   RO         1389    .ARM.Collect$$$$00000001  mc_w.l(entry2.o)(mc_w.l)
    0x080000f0   0x00000004   Code   RO         1392    .ARM.Collect$$$$00000004  mc_w.l(entry5.o)(mc_w.l)
    0x080000f4   0x00000008   Code   RO         1393    .ARM.Collect$$$$00000007  mc_w.l(entry7.o)(mc_w.l)
    0x080000fc   0x00000004   Code   RO         1390    .ARM.Collect$$$$00002712  mc_w.l(entry2.o)(mc_w.l)
    0x08000100   0x0000001c   Code   RO            4    .text               startup_stm32f10x_md.o
    0x0800011c   0x00000040   Code   RO           72    .text               stm32f10x_iwdg.o
    0x0800015c   0x000003a0   Code   RO           99    .text               stm32f10x_rcc.o
    0x080004fc   0x00000304   Code   RO          143    .text               stm32f10x_spi.o
    0x08000800   0x00000b64   Code   RO          155    .text               stm32f10x_tim.o
    0x08001364   0x00000378   Code   RO          167    .text               stm32f10x_usart.o
    0x080016dc   0x00000124   Code   RO          194    .text               system_stm32f10x.o
    0x08001800   0x000000f8   Code   RO          222    .text               misc.o
    0x080018f8   0x00000530   Code   RO          345    .text               stm32f10x_flash.o
    0x08001e28   0x0000032c   Code   RO          375    .text               stm32f10x_gpio.o
    0x08002154   0x00001784   Code   RO          387    .text               uip.o
    0x080038d8   0x0000040c   Code   RO          443    .text               uip_arp.o
    0x08003ce4   0x00000040   Code   RO          470    .text               uip_timer.o
    0x08003d24   0x000003c0   Code   RO          482    .text               resolv.o
    0x080040e4   0x000006ec   Code   RO          513    .text               webclient.o
    0x080047d0   0x0000005e   Code   RO          547    .text               uiplib.o
    0x0800482e   0x00000002   PAD
    0x08004830   0x00000d84   Code   RO          567    .text               smtp.o
    0x080055b4   0x0000042c   Code   RO          702    .text               psock.o
    0x080059e0   0x00000584   Code   RO          724    .text               enc28j60.o
    0x08005f64   0x000000d0   Code   RO          774    .text               spi_enc28j60.o
    0x08006034   0x000000a0   Code   RO          786    .text               delay.o
    0x080060d4   0x00000002   Code   RO          803    .text               exti.o
    0x080060d6   0x00000002   PAD
    0x080060d8   0x00000304   Code   RO          815    .text               global.o
    0x080063dc   0x0000010c   Code   RO          835    .text               gpio.o
    0x080064e8   0x000000cc   Code   RO          847    .text               platform_init.o
    0x080065b4   0x000001c8   Code   RO          859    .text               stm32f10x_it.o
    0x0800677c   0x00000050   Code   RO          878    .text               timer.o
    0x080067cc   0x000003b0   Code   RO          890    .text               usart.o
    0x08006b7c   0x00000078   Code   RO          906    .text               usart_app.o
    0x08006bf4   0x00000456   Code   RO          918    .text               eeprom.o
    0x0800704a   0x00000002   PAD
    0x0800704c   0x000052e4   Code   RO         1024    .text               main.o
    0x0800c330   0x0000000c   Code   RO         1055    .text               clock-arch.o
    0x0800c33c   0x00000030   Code   RO         1068    .text               tapdev.o
    0x0800c36c   0x0000042c   Code   RO         1083    .text               dhcpc.o
    0x0800c798   0x00000040   Code   RO         1103    .text               mc_w.l(memmovea.o)(mc_w.l)
    0x0800c7d8   0x00000026   Code   RO         1105    .text               mc_w.l(memseta.o)(mc_w.l)
    0x0800c7fe   0x0000001c   Code   RO         1107    .text               mc_w.l(strcat.o)(mc_w.l)
    0x0800c81a   0x0000002c   Code   RO         1109    .text               mc_w.l(strstr.o)(mc_w.l)
    0x0800c846   0x00000018   Code   RO         1111    .text               mc_w.l(strncpy.o)(mc_w.l)
    0x0800c85e   0x00000012   Code   RO         1113    .text               mc_w.l(strchr.o)(mc_w.l)
    0x0800c870   0x00000010   Code   RO         1115    .text               mc_w.l(strlen.o)(mc_w.l)
    0x0800c880   0x0000001c   Code   RO         1117    .text               mc_w.l(strcmp.o)(mc_w.l)
    0x0800c89c   0x0000001a   Code   RO         1119    .text               mc_w.l(memcmp.o)(mc_w.l)
    0x0800c8b6   0x00000012   Code   RO         1121    .text               mc_w.l(strcpy.o)(mc_w.l)
    0x0800c8c8   0x0000001e   Code   RO         1123    .text               mc_w.l(strncmp.o)(mc_w.l)
    0x0800c8e6   0x00000002   PAD
    0x0800c8e8   0x00000024   Code   RO         1412    .text               mc_w.l(init.o)(mc_w.l)
    0x0800c90c   0x00000000   Code   RO         1420    .text               mc_w.l(iusesemip.o)(mc_w.l)
    0x0800c90c   0x0000005c   Code   RO         1431    .text               mc_w.l(__dczerorl2.o)(mc_w.l)
    0x0800c968   0x00000010   Code   RO         1130    i.__0printf$bare    mc_w.l(printfb.o)(mc_w.l)
    0x0800c978   0x0000000e   Code   RO         1425    i.__scatterload_copy  mc_w.l(handlers.o)(mc_w.l)
    0x0800c986   0x00000002   Code   RO         1426    i.__scatterload_null  mc_w.l(handlers.o)(mc_w.l)
    0x0800c988   0x0000000e   Code   RO         1427    i.__scatterload_zeroinit  mc_w.l(handlers.o)(mc_w.l)
    0x0800c996   0x00000022   Code   RO         1137    i._printf_core      mc_w.l(printfb.o)(mc_w.l)
    0x0800c9b8   0x00000012   Code   RO         1394    i.fputc             mc_w.l(fputc.o)(mc_w.l)
    0x0800c9ca   0x00000010   Data   RO          389    .constdata          uip.o
    0x0800c9da   0x0000000a   Data   RO          445    .constdata          uip_arp.o
    0x0800c9e4   0x000001c3   Data   RO          540    .constdata          webclient-strings.o
    0x0800cba7   0x0000006b   Data   RO          560    .constdata          smtp-strings.o
    0x0800cc12   0x00000008   Data   RO         1085    .constdata          dhcpc.o
    0x0800cc1a   0x000000ed   Data   RO         1026    .conststring        main.o
    0x0800cd07   0x00000001   PAD
    0x0800cd08   0x00000020   Data   RO         1423    Region$$Table       anon$$obj.o


    Execution Region RW_IRAM1 (Base: 0x20000000, Size: 0x00004f38, Max: 0x00005000, ABSOLUTE, COMPRESSED[0x00000358])

    Base Addr    Size         Type   Attr      Idx    E Section Name        Object

    0x20000000   0x00000014   Data   RW          100    .data               stm32f10x_rcc.o
    0x20000014   0x00000042   Data   RW          390    .data               uip.o
    0x20000056   0x00000008   Data   RW          446    .data               uip_arp.o
    0x2000005e   0x00000002   PAD
    0x20000060   0x00000014   Data   RW          484    .data               resolv.o
    0x20000074   0x00000006   Data   RW          515    .data               webclient.o
    0x2000007a   0x00000002   PAD
    0x2000007c   0x00000008   Data   RW          569    .data               smtp.o
    0x20000084   0x00000008   Data   RW          725    .data               enc28j60.o
    0x2000008c   0x00000004   Data   RW          787    .data               delay.o
    0x20000090   0x0000005c   Data   RW          817    .data               global.o
    0x200000ec   0x0000000e   Data   RW          860    .data               stm32f10x_it.o
    0x200000fa   0x0000000c   Data   RW          892    .data               usart.o
    0x20000106   0x00000002   Data   RW          920    .data               eeprom.o
    0x20000108   0x0000062c   Data   RW         1027    .data               main.o
    0x20000734   0x00000004   Data   RW         1396    .data               mc_w.l(stdout.o)(mc_w.l)
    0x20000738   0x00000d0d   Zero   RW          388    .bss                uip.o
    0x20001445   0x00000001   PAD
    0x20001446   0x00000060   Zero   RW          444    .bss                uip_arp.o
    0x200014a6   0x000000a8   Zero   RW          483    .bss                resolv.o
    0x2000154e   0x00000182   Zero   RW          514    .bss                webclient.o
    0x200016d0   0x00000064   Zero   RW          559    .bss                smtp-strings.o
    0x20001734   0x00000068   Zero   RW          568    .bss                smtp.o
    0x2000179c   0x0000131d   Zero   RW          816    .bss                global.o
    0x20002ab9   0x00000003   PAD
    0x20002abc   0x00000010   Zero   RW          891    .bss                usart.o
    0x20002acc   0x000001b8   Zero   RW          919    .bss                eeprom.o
    0x20002c84   0x00002080   Zero   RW         1025    .bss                main.o
    0x20004d04   0x00000034   Zero   RW         1084    .bss                dhcpc.o
    0x20004d38   0x00000200   Zero   RW            1    STACK               startup_stm32f10x_md.o


==============================================================================

Image component sizes


      Code (inc. data)   RO Data    RW Data    ZI Data      Debug   Object Name

        12          6          0          0          0          0   clock-arch.o
       160          8          0          4          0          0   delay.o
      1068         30          8          0         52          0   dhcpc.o
      1110         26          0          2        440          0   eeprom.o
      1412         26          0          8          0          0   enc28j60.o
         2          0          0          0          0          0   exti.o
       772         16          0         92       4893          0   global.o
       268         22          0          0          0          0   gpio.o
     21220       3160        237       1580       8320          0   main.o
       248         30          0          0          0          0   misc.o
       204          4          0          0          0          0   platform_init.o
      1068         38          0          0          0          0   psock.o
       960         70          0         20        168          0   resolv.o
         0          0        107          0        100          0   smtp-strings.o
      3460        224          0          8        104          0   smtp.o
       208         10          0          0          0          0   spi_enc28j60.o
        28          4        236          0        512          0   startup_stm32f10x_md.o
      1328         50          0          0          0          0   stm32f10x_flash.o
       812         18          0          0          0          0   stm32f10x_gpio.o
         0          0          0          0          0          0   stm32f10x_i2c.o
       456         78          0         14          0          0   stm32f10x_it.o
        64          6          0          0          0          0   stm32f10x_iwdg.o
       928         52          0         20          0          0   stm32f10x_rcc.o
       772          4          0          0          0          0   stm32f10x_spi.o
      2916         16          0          0          0          0   stm32f10x_tim.o
       888         14          0          0          0          0   stm32f10x_usart.o
       292         18          0          0          0          0   system_stm32f10x.o
        48          8          0          0          0          0   tapdev.o
        80          0          0          0          0          0   timer.o
      6020        304         16         66       3341          0   uip.o
      1036         60         10          8         96          0   uip_arp.o
        64          0          0          0          0          0   uip_timer.o
        94          0          0          0          0          0   uiplib.o
       944         60          0         12         16          0   usart.o
       120         18          0          0          0          0   usart_app.o
         0          0        451          0          0          0   webclient-strings.o
      1772        134          0          6        386          0   webclient.o

    ----------------------------------------------------------------------
     50840       4514       1098       1844      18432          0   Object Totals
         0          0         32          0          0          0   (incl. Generated)
         6          0          1          4          4          0   (incl. Padding)

    ----------------------------------------------------------------------

      Code (inc. data)   RO Data    RW Data    ZI Data      Debug   Library Member Name

        92          0          0          0          0          0   __dczerorl2.o
         0          0          0          0          0          0   entry.o
         8          4          0          0          0          0   entry2.o
         4          0          0          0          0          0   entry5.o
         8          4          0          0          0          0   entry7.o
        18          0          0          0          0          0   fputc.o
        30          0          0          0          0          0   handlers.o
        36          8          0          0          0          0   init.o
         0          0          0          0          0          0   iusesemip.o
        26          0          0          0          0          0   memcmp.o
        64          0          0          0          0          0   memmovea.o
        38          0          0          0          0          0   memseta.o
        50          8          0          0          0          0   printfb.o
         0          0          0          4          0          0   stdout.o
        28          0          0          0          0          0   strcat.o
        18          0          0          0          0          0   strchr.o
        28          0          0          0          0          0   strcmp.o
        18          0          0          0          0          0   strcpy.o
        16          0          0          0          0          0   strlen.o
        30          0          0          0          0          0   strncmp.o
        24          0          0          0          0          0   strncpy.o
        44          0          0          0          0          0   strstr.o

    ----------------------------------------------------------------------
       582         24          0          4          0          0   Library Totals
         2          0          0          0          0          0   (incl. Padding)

    ----------------------------------------------------------------------

      Code (inc. data)   RO Data    RW Data    ZI Data      Debug   Library Name

       580         24          0          4          0       1148   mc_w.l

    ----------------------------------------------------------------------
       582         24          0          4          0          0   Library Totals

    ----------------------------------------------------------------------

==============================================================================


      Code (inc. data)   RO Data    RW Data    ZI Data      Debug   

     51422       4538       1098       1848      18432     925552   Grand Totals
     51422       4538       1098        856      18432     925552   ELF Image Totals (compressed)
     51422       4538       1098        856          0          0   ROM Totals

==============================================================================

    Total RO  Size (Code + RO Data)                52520 (  51.29kB)
    Total RW  Size (RW Data + ZI Data)             20280 (  19.80kB)
    Total ROM Size (Code + RO Data + RW Data)      53376 (  52.13kB)

==============================================================================

